// Jest Snapshot v1, https://goo.gl/fbAQLP

exports[`should render a section 1`] = `
<div>
  <div
    className="Results_Header Results_Header-top"
  >
    <img
      alt="logo"
      className="Results__Logo"
      onClick={[Function]}
      src="file"
    />
    <div
      className="Results__spacer"
    />
    <div
      className="Results__searchwrapper"
    >
      <SearchBar
        onClick={[Function]}
        onSearch={[Function]}
        query="cs"
      />
    </div>
    <div
      className="Breadcrumb_Container"
    >
      <div
        className="Breadcrumb_Container__dropDownContainer"
      >
        <Memo(SearchDropdown)
          className="searchDropdown"
          compact={false}
          onChange={[Function]}
          options={
            Array [
              Object {
                "text": "NEU",
                "value": "neu",
              },
              Object {
                "text": "CPS",
                "value": "cps",
              },
              Object {
                "text": "Law",
                "value": "law",
              },
            ]
          }
          placeholder="NEU"
          value="NEU"
        />
      </div>
      <span
        className="Breadcrumb_Container__slash"
      >
        /
      </span>
      <div
        className="Breadcrumb_Container__dropDownContainer"
      >
        <Memo(SearchDropdown)
          className="searchDropdown"
          compact={false}
          onChange={[Function]}
          options={
            Array [
              Object {
                "text": "Fall 2020",
                "value": "202110",
              },
              Object {
                "text": "Summer I 2020",
                "value": "202040",
              },
              Object {
                "text": "Summer II 2020",
                "value": "202060",
              },
              Object {
                "text": "Summer Full 2020",
                "value": "202050",
              },
              Object {
                "text": "Spring 2020",
                "value": "202030",
              },
            ]
          }
          placeholder="Fall 2020"
          value="202030"
        />
      </div>
    </div>
  </div>
  <FeedbackModal />
  <div
    className="Results_Container"
  >
    <div
      className="Results_SidebarWrapper"
    >
      <Memo(FilterPanel)
        options={
          Object {
            "classType": Array [],
            "nupath": Array [],
            "subject": Array [],
          }
        }
        selected={
          Object {
            "classIdRange": Object {
              "max": "",
              "min": "",
            },
            "classType": Array [],
            "nupath": Array [],
            "online": false,
            "subject": Array [],
          }
        }
        setActive={[Function]}
      />
    </div>
    <div
      className="Results_SidebarSpacer"
    />
    <div
      className="Results_Main"
    >
      <div
        style={
          Object {
            "visibility": "hidden",
          }
        }
      />
      <Memo(Footer) />
    </div>
  </div>
  <div
    className="botttomPadding"
  />
</div>
`;
