// Jest Snapshot v1, https://goo.gl/fbAQLP

exports[`should render a section 1`] = `
<Fragment>
  <div
    className="Results_Header"
  >
    <img
      alt="logo"
      className="Results__Logo"
      onClick={[Function]}
      src="file"
    />
    <div
      className="Results__spacer"
    />
    <div
      className="Results__searchwrapper"
    >
      <SearchBar
        onSearch={[Function]}
        query="cs"
      />
    </div>
    <Memo(TermDropdown)
      compact={true}
      onChange={[Function]}
      termId="202030"
    />
  </div>
  <div
    className="Results_Container"
  >
    <div>
      <div
        style={
          Object {
            "visibility": "hidden",
          }
        }
      >
        <div
          className="subjectContaineRowContainer"
        />
        <ResultsLoader
          loadMore={[Function]}
          results={Array []}
        />
      </div>
    </div>
    <div
      className="botttomPadding"
    />
    <Memo(Footer) />
  </div>
</Fragment>
`;
