// Jest Snapshot v1, https://goo.gl/fbAQLP

exports[`gets all occurrences 1`] = `
Object {
  "data": Object {
    "class": null,
  },
  "errors": Array [
    [GraphQLError: connect ECONNREFUSED 127.0.0.1:9200],
  ],
  "extensions": undefined,
  "http": Object {
    "headers": Headers {
      Symbol(map): Object {},
    },
  },
}
`;

exports[`gets latest occurrence 1`] = `
Object {
  "data": Object {
    "class": null,
  },
  "errors": Array [
    [GraphQLError: connect ECONNREFUSED 127.0.0.1:9200],
  ],
  "extensions": undefined,
  "http": Object {
    "headers": Headers {
      Symbol(map): Object {},
    },
  },
}
`;

exports[`gets specific occurrence 1`] = `
Object {
  "data": Object {
    "class": null,
  },
  "errors": Array [
    [GraphQLError: connect ECONNREFUSED 127.0.0.1:9200],
  ],
  "extensions": undefined,
  "http": Object {
    "headers": Headers {
      Symbol(map): Object {},
    },
  },
}
`;

exports[`gets the name of class from subject and classId 1`] = `
Object {
  "data": Object {
    "class": null,
  },
  "errors": Array [
    [GraphQLError: connect ECONNREFUSED 127.0.0.1:9200],
  ],
  "extensions": undefined,
  "http": Object {
    "headers": Headers {
      Symbol(map): Object {},
    },
  },
}
`;
