// Jest Snapshot v1, https://goo.gl/fbAQLP

exports[`should render some stuff 1`] = `
<div
  className="class-panel-container ui segment"
>
  <div
    className="header"
  >
    <span
      className="classTitle"
    >
      CS
       
      1210
      : 
      Computer Science/Information Science Overview 2: Co-op Preparation
    </span>
    <span
      className="classGlobeLinkContainer"
    >
      <a
        className="classGlobeLink"
        data-tip="View on neu.edu"
        href="https://wl11gp.neu.edu/udcprod8/bwckctlg.p_disp_course_detail?cat_term_in=201810&subj_code_in=CS&crse_numb_in=1210"
        rel="noopener noreferrer"
        target="_blank"
      >
        <img
          alt="link"
          src="file"
        />
      </a>
    </span>
  </div>
  <div
    className="panel-body"
  >
    Continues the preparation of students for careers in the computing and information fields by discussing co-op and co-op processes. Offers students an opportunity to prepare a professional résumé; practice proper interviewing techniques; explore current job opportunities; learn how to engage in the job and referral process; and to understand co-op policies, procedures, and expectations. Discusses professional behavior and ethical issues in the workplace. 1.000 Lecture hours
    <br />
    <br />
    <div
      className="leftPanel"
    >
      Prerequisites: 
      <span
        className="hint-text"
      >
        None
      </span>
       
      <br />
      Corequisites: 
      <span
        className="hint-text"
      >
        None
      </span>
       
      <br />
      Prerequisite for: 
      <span
        className="hint-text"
      >
        None
      </span>
       
      <br />
      Optional Prerequisite for: 
      <span
        className="hint-text"
      >
        None
      </span>
       
      <br />
      <Collapsible
        className=""
        classParentString="Collapsible"
        contentContainerTagName="div"
        contentInnerClassName=""
        contentOuterClassName=""
        easing="linear"
        lazyRender={false}
        onClose={[Function]}
        onClosing={[Function]}
        onOpen={[Function]}
        onOpening={[Function]}
        open={false}
        openedClassName=""
        overflowWhenOpen="hidden"
        tabIndex={null}
        transitionCloseTime={null}
        transitionTime={400}
        trigger="Show Course Attributes"
        triggerClassName=""
        triggerDisabled={false}
        triggerOpenedClassName=""
        triggerSibling={null}
        triggerStyle={null}
        triggerTagName="span"
      >
        <div />
      </Collapsible>
      <div />
    </div>
    <div
      className="rightPanel"
    >
      <div
        data-tip="Check neu.edu for possible updates"
      >
         Updated 
        6 days ago
      </div>
      1 credits
      <div>
        <SignUpForNotifications
          aClass={
            Course {
              "classId": "1210",
              "coreqs": Object {
                "type": "or",
                "values": Array [],
              },
              "crns": Array [
                "13502",
                "13503",
                "14386",
                "14404",
                "14405",
              ],
              "desc": "Continues the preparation of students for careers in the computing and information fields by discussing co-op and co-op processes. Offers students an opportunity to prepare a professional résumé; practice proper interviewing techniques; explore current job opportunities; learn how to engage in the job and referral process; and to understand co-op policies, procedures, and expectations. Discusses professional behavior and ethical issues in the workplace. 1.000 Lecture hours",
              "honors": false,
              "host": "neu.edu",
              "isString": false,
              "lastUpdateTime": 1511131674191,
              "maxCredits": 1,
              "minCredits": 1,
              "name": "Computer Science/Information Science Overview 2: Co-op Preparation",
              "optPrereqsFor": Object {
                "values": Array [],
              },
              "prereqs": Object {
                "type": "or",
                "values": Array [],
              },
              "prereqsFor": Object {
                "values": Array [],
              },
              "prettyUrl": "https://wl11gp.neu.edu/udcprod8/bwckctlg.p_disp_course_detail?cat_term_in=201810&subj_code_in=CS&crse_numb_in=1210",
              "sections": Array [
                Section {
                  "classId": "1210",
                  "crn": "13502",
                  "dataStatus": undefined,
                  "honors": undefined,
                  "host": "neu.edu",
                  "lastUpdateTime": 1511131914029,
                  "meetings": Array [
                    Meeting {
                      "endDate": "2017-12-07T00:00:00.000Z",
                      "location": "Snell Engineering Center 108",
                      "startDate": "2017-09-07T00:00:00.000Z",
                      "times": Array [
                        Object {
                          "end": "1970-01-06T11:30:00.000Z",
                          "start": "1970-01-06T09:50:00.000Z",
                        },
                      ],
                    },
                  ],
                  "online": false,
                  "profs": Array [
                    "Jennifer Anne Shire",
                  ],
                  "seatsCapacity": 19,
                  "seatsRemaining": 0,
                  "subject": "CS",
                  "termId": "201810",
                  "url": "https://wl11gp.neu.edu/udcprod8/bwckschd.p_disp_detail_sched?term_in=201810&crn_in=13502",
                  "waitCapacity": 0,
                  "waitRemaining": 0,
                },
                Section {
                  "classId": "1210",
                  "crn": "14404",
                  "dataStatus": undefined,
                  "honors": undefined,
                  "host": "neu.edu",
                  "lastUpdateTime": 1511131914065,
                  "meetings": Array [
                    Meeting {
                      "endDate": "2017-12-07T00:00:00.000Z",
                      "location": "Ryder Hall 431",
                      "startDate": "2017-09-07T00:00:00.000Z",
                      "times": Array [
                        Object {
                          "end": "1970-01-06T13:25:00.000Z",
                          "start": "1970-01-06T11:45:00.000Z",
                        },
                      ],
                    },
                  ],
                  "online": false,
                  "profs": Array [
                    "Jennifer Anne Shire",
                  ],
                  "seatsCapacity": 19,
                  "seatsRemaining": 0,
                  "subject": "CS",
                  "termId": "201810",
                  "url": "https://wl11gp.neu.edu/udcprod8/bwckschd.p_disp_detail_sched?term_in=201810&crn_in=14404",
                  "waitCapacity": 0,
                  "waitRemaining": 0,
                },
                Section {
                  "classId": "1210",
                  "crn": "14405",
                  "dataStatus": undefined,
                  "honors": undefined,
                  "host": "neu.edu",
                  "lastUpdateTime": 1511131914065,
                  "meetings": Array [
                    Meeting {
                      "endDate": "2017-12-07T00:00:00.000Z",
                      "location": "Ryder Hall 431",
                      "startDate": "2017-09-07T00:00:00.000Z",
                      "times": Array [
                        Object {
                          "end": "1970-01-06T13:25:00.000Z",
                          "start": "1970-01-06T11:45:00.000Z",
                        },
                      ],
                    },
                  ],
                  "online": false,
                  "profs": Array [
                    "Jennifer Anne Shire",
                  ],
                  "seatsCapacity": 19,
                  "seatsRemaining": 0,
                  "subject": "CS",
                  "termId": "201810",
                  "url": "https://wl11gp.neu.edu/udcprod8/bwckschd.p_disp_detail_sched?term_in=201810&crn_in=14404",
                  "waitCapacity": 0,
                  "waitRemaining": 0,
                },
                Section {
                  "classId": "1210",
                  "crn": "13503",
                  "dataStatus": undefined,
                  "honors": undefined,
                  "host": "neu.edu",
                  "lastUpdateTime": 1511131914063,
                  "meetings": Array [
                    Meeting {
                      "endDate": "2017-12-07T00:00:00.000Z",
                      "location": "Churchill Hall 103",
                      "startDate": "2017-09-07T00:00:00.000Z",
                      "times": Array [
                        Object {
                          "end": "1970-01-06T11:30:00.000Z",
                          "start": "1970-01-06T09:50:00.000Z",
                        },
                      ],
                    },
                  ],
                  "online": false,
                  "profs": Array [
                    "Melissa Anne Irgens Peikin",
                  ],
                  "seatsCapacity": 19,
                  "seatsRemaining": 6,
                  "subject": "CS",
                  "termId": "201810",
                  "url": "https://wl11gp.neu.edu/udcprod8/bwckschd.p_disp_detail_sched?term_in=201810&crn_in=13503",
                  "waitCapacity": 0,
                  "waitRemaining": 0,
                },
                Section {
                  "classId": "1210",
                  "crn": "14386",
                  "dataStatus": undefined,
                  "honors": undefined,
                  "host": "neu.edu",
                  "lastUpdateTime": 1511131914075,
                  "meetings": Array [
                    Meeting {
                      "endDate": "2017-12-07T00:00:00.000Z",
                      "location": "Ryder Hall 293",
                      "startDate": "2017-09-07T00:00:00.000Z",
                      "times": Array [
                        Object {
                          "end": "1970-01-06T13:25:00.000Z",
                          "start": "1970-01-06T11:45:00.000Z",
                        },
                      ],
                    },
                  ],
                  "online": false,
                  "profs": Array [
                    "Yasmil Montes",
                  ],
                  "seatsCapacity": 19,
                  "seatsRemaining": 0,
                  "subject": "CS",
                  "termId": "201810",
                  "url": "https://wl11gp.neu.edu/udcprod8/bwckschd.p_disp_detail_sched?term_in=201810&crn_in=14386",
                  "waitCapacity": 0,
                  "waitRemaining": 0,
                },
              ],
              "subject": "CS",
              "termId": "201810",
              "url": "https://wl11gp.neu.edu/udcprod8/bwckctlg.p_disp_listcrse?term_in=201810&subj_in=CS&crse_in=1210&schd_in=%",
            }
          }
          userIsWatchingClass={false}
        />
      </div>
    </div>
  </div>
  <table
    className="ui celled striped table resultsTable"
  >
    <thead>
      <tr>
        <th>
          <div
            className="inlineBlock"
            data-tip="Course Reference Number"
          >
            CRN
          </div>
        </th>
        <th>
           Professors 
        </th>
        <th>
           Weekdays 
        </th>
        <th>
           Time 
        </th>
        <th>
           Location 
        </th>
        <th>
           Seats 
        </th>
        <th
          style={
            Object {
              "display": "none",
            }
          }
        >
          Waitlist seats
        </th>
        <th
          style={
            Object {
              "display": "none",
            }
          }
        >
          Honors
        </th>
        <th
          style={
            Object {
              "display": "none",
            }
          }
        >
          Notifs
        </th>
        <th>
           Link 
        </th>
      </tr>
    </thead>
    <tbody>
      <tr
        className="sectionTableFirstRow"
      />
      <DesktopSectionPanel
        key="13502"
        section={
          Section {
            "classId": "1210",
            "crn": "13502",
            "dataStatus": undefined,
            "honors": undefined,
            "host": "neu.edu",
            "lastUpdateTime": 1511131914029,
            "meetings": Array [
              Meeting {
                "endDate": "2017-12-07T00:00:00.000Z",
                "location": "Snell Engineering Center 108",
                "startDate": "2017-09-07T00:00:00.000Z",
                "times": Array [
                  Object {
                    "end": "1970-01-06T11:30:00.000Z",
                    "start": "1970-01-06T09:50:00.000Z",
                  },
                ],
              },
            ],
            "online": false,
            "profs": Array [
              "Jennifer Anne Shire",
            ],
            "seatsCapacity": 19,
            "seatsRemaining": 0,
            "subject": "CS",
            "termId": "201810",
            "url": "https://wl11gp.neu.edu/udcprod8/bwckschd.p_disp_detail_sched?term_in=201810&crn_in=13502",
            "waitCapacity": 0,
            "waitRemaining": 0,
          }
        }
        shouldShowExamColumns={false}
        showHonorsColumn={false}
        showNotificationSwitches={false}
        showWaitList={false}
      />
      <DesktopSectionPanel
        key="14404"
        section={
          Section {
            "classId": "1210",
            "crn": "14404",
            "dataStatus": undefined,
            "honors": undefined,
            "host": "neu.edu",
            "lastUpdateTime": 1511131914065,
            "meetings": Array [
              Meeting {
                "endDate": "2017-12-07T00:00:00.000Z",
                "location": "Ryder Hall 431",
                "startDate": "2017-09-07T00:00:00.000Z",
                "times": Array [
                  Object {
                    "end": "1970-01-06T13:25:00.000Z",
                    "start": "1970-01-06T11:45:00.000Z",
                  },
                ],
              },
            ],
            "online": false,
            "profs": Array [
              "Jennifer Anne Shire",
            ],
            "seatsCapacity": 19,
            "seatsRemaining": 0,
            "subject": "CS",
            "termId": "201810",
            "url": "https://wl11gp.neu.edu/udcprod8/bwckschd.p_disp_detail_sched?term_in=201810&crn_in=14404",
            "waitCapacity": 0,
            "waitRemaining": 0,
          }
        }
        shouldShowExamColumns={false}
        showHonorsColumn={false}
        showNotificationSwitches={false}
        showWaitList={false}
      />
      <DesktopSectionPanel
        key="14405"
        section={
          Section {
            "classId": "1210",
            "crn": "14405",
            "dataStatus": undefined,
            "honors": undefined,
            "host": "neu.edu",
            "lastUpdateTime": 1511131914065,
            "meetings": Array [
              Meeting {
                "endDate": "2017-12-07T00:00:00.000Z",
                "location": "Ryder Hall 431",
                "startDate": "2017-09-07T00:00:00.000Z",
                "times": Array [
                  Object {
                    "end": "1970-01-06T13:25:00.000Z",
                    "start": "1970-01-06T11:45:00.000Z",
                  },
                ],
              },
            ],
            "online": false,
            "profs": Array [
              "Jennifer Anne Shire",
            ],
            "seatsCapacity": 19,
            "seatsRemaining": 0,
            "subject": "CS",
            "termId": "201810",
            "url": "https://wl11gp.neu.edu/udcprod8/bwckschd.p_disp_detail_sched?term_in=201810&crn_in=14404",
            "waitCapacity": 0,
            "waitRemaining": 0,
          }
        }
        shouldShowExamColumns={false}
        showHonorsColumn={false}
        showNotificationSwitches={false}
        showWaitList={false}
      />
    </tbody>
  </table>
  <div
    className="more-sections-button"
    onClick={[Function]}
    role="button"
    tabIndex={0}
  >
    Show More...
  </div>
</div>
`;
